../Drivers/CMSIS/Include/core_cm4.h:1688:22:__NVIC_EnableIRQ	16	static
../Core/Src/main.c:18:5:main	8	static
../Core/Src/main.c:30:6:SystemClock_Config	4	static
../Core/Src/main.c:40:6:GPIO_Init	4	static
../Core/Src/main.c:55:6:USART2_Init	4	static
../Core/Src/main.c:63:6:TIM3_Init	8	static
../Core/Src/main.c:74:6:TIM3_IRQHandler	8	static
../Core/Src/main.c:83:6:delay_us	16	static
../Core/Src/main.c:88:6:HCSR04_Read	16	static
../Core/Src/main.c:130:6:USART_Write	16	static
../Core/Src/main.c:135:6:USART_WriteString	16	static
../Core/Src/main.c:141:6:format_and_send_distance	72	static
