14:49:52 **** Build of configuration Debug for project uart ****
make -j7 all 
arm-none-eabi-gcc "../Core/Src/main.c" -mcpu=cortex-m4 -std=gnu11 -g3 -DDEBUG -DUSE_HAL_DRIVER -DSTM32F407xx -c -I../Core/Inc -I../Drivers/STM32F4xx_HAL_Driver/Inc -I../Drivers/STM32F4xx_HAL_Driver/Inc/Legacy -I../Drivers/CMSIS/Device/ST/STM32F4xx/Include -I../Drivers/CMSIS/Include -O0 -ffunction-sections -fdata-sections -Wall -fstack-usage -MMD -MP -MF"Core/Src/main.d" -MT"Core/Src/main.o" --specs=nano.specs -mfpu=fpv4-sp-d16 -mfloat-abi=hard -mthumb -o "Core/Src/main.o"
arm-none-eabi-gcc -o "uart.elf" @"objects.list"   -mcpu=cortex-m4 -T"/Users/bilalorhanlar/Desktop/stm32_project/uart/STM32F407VGTX_FLASH.ld" --specs=nosys.specs -Wl,-Map="uart.map" -Wl,--gc-sections -static --specs=nano.specs -mfpu=fpv4-sp-d16 -mfloat-abi=hard -mthumb -Wl,--start-group -lc -lm -Wl,--end-group
Finished building target: uart.elf
 
arm-none-eabi-size   uart.elf 
arm-none-eabi-objdump -h -S  uart.elf  > "uart.list"
   text	   data	    bss	    dec	    hex	filename
   1108	     12	   1572	   2692	    a84	uart.elf
Finished building: default.size.stdout
 
Finished building: uart.list
 

14:50:31 Build Finished. 0 errors, 0 warnings. (took 39s.205ms)

