../Drivers/CMSIS/Include/core_cm4.h:1688:22:__NVIC_EnableIRQ	16	static
../Core/Src/main.c:5:6:SystemClock_Config	4	static
../Core/Src/main.c:20:6:GPIO_Init	4	static
../Core/Src/main.c:38:6:EXTI_Init	8	static
../Core/Src/main.c:51:6:LED_On	16	static
../Core/Src/main.c:56:6:LED_Off	16	static
../Core/Src/main.c:61:6:debounce_delay	16	static
../Core/Src/main.c:66:6:EXTI0_IRQHandler	8	static
../Core/Src/main.c:85:6:Timer2_Init	8	static
../Core/Src/main.c:97:6:TIM2_IRQHandler	4	static
../Core/Src/main.c:106:5:main	8	static
